== ret-lis-1019         🇵🇹 里斯本 · TAP 有直飞
   最低 $  723 26h32 2 stops
   最低直飞 $ 1008 12h35
== ret-lis-1017         🇵🇹 里斯本 · 周六
   最低 $  793 24h00 1 stop
   最低直飞 $ 1008 12h25
== ret-lis-1022         🇵🇹 里斯本 · 再晚 3 天
   最低 $  682 25h22 2 stops
   最低直飞 $  883 12h35
== ret-lhr-1019         🇬🇧 伦敦 · 第一轮查过 $560
   最低 $  715 25h45 1 stop
   最低直飞 $ 1112 11h00
== ret-lhr-1022         🇬🇧 伦敦 · 同日对照
   最低 $  762 15h45 1 stop
   最低直飞 $ 1090 11h10
== ret-opo-1019         🇵🇹 波尔图
   最低 $  737 15h05 1 stop
   ⚠️ 没有直飞
== ret-mad-1019         🇪🇸 马德里（伊比利亚半岛对照）
   最低 $  487 24h10 1 stop
   ⚠️ 没有直飞
== ret-cdg-1019         🇫🇷 巴黎
   最低 $  866 18h07 2 stops
   最低直飞 $ 1019 11h30
== ret-nce-1019         🇫🇷 尼斯（第一轮 $1,118，复核）
   最低 $  799 28h20 1 stop
   ⚠️ 没有直飞
== mid-nce-lis-1012     尼斯→里斯本
   最低 $  116 2h45 Nonstop
== mid-nce-lis-1013     尼斯→里斯本 晚一天
   最低 $  114 2h40 Nonstop
== mid-mrs-lis-1013     马赛→里斯本（若最后一站是普罗旺斯）
   最低 $   62 2h25 Nonstop
== mid-nce-lhr-1012     尼斯→伦敦
   最低 $  103 2h05 Nonstop
== mid-lis-lhr-1019     里斯本→伦敦（两个都去时的接法）
   最低 $  125 2h55 Nonstop
== alt-osl-lon-1006     奥斯陆→伦敦（先英国方案）
   最低 $   18 2h10 Nonstop
== alt-lon-nce-1010     伦敦→尼斯（先英国方案）
   最低 $   40 2h05 Nonstop

→ out_solo3/summary.json
DONE
