== P1-nce-lon-1011 NCE→LON 2026-10-11  18 条
   $   60 23:10→00:15 2h05 Nonstop  easyJet          ⚠️
   $   73 09:45→10:50 2h05 Nonstop  easyJet          ✅
   $   90 23:00→00:10 2h10 Nonstop  easyJet          ⚠️
   $   97 11:55→13:00 2h05 Nonstop  easyJet          ✅
== P1-lon-lis-1014 LON→LIS 2026-10-14  20 条
   $  130 16:25→19:20 2h55 Nonstop  ?                ⚠️
   $  131 06:00→08:50 2h50 Nonstop  ?                ✅
   $  131 18:45→21:35 2h50 Nonstop  ?                ⚠️
   $  134 16:40→19:30 2h50 Nonstop  easyJet          ⚠️
== P1-lis-sfo-1017 LIS→SFO 2026-10-17  9 条
   $ 1139 13:10→17:35 12h25 Nonstop  ?                ⚠️
== P2-rak-ltn-1013 RAK→LTN 2026-10-13  0 条
   ❌ 没抓到
== P2-rak-lon-1013 RAK→London 2026-10-13  21 条
   $  225 03:55→08:45 7h50 Nonstop  ?                ✅
   $  225 13:45→18:35 7h50 Nonstop  ?                ⚠️
   $  639 14:15→18:40 7h25 Nonstop  ?                ⚠️
   $  639 14:15→18:45 7h30 Nonstop  ?                ⚠️
== P4-lon-lis-1016 LON→LIS 2026-10-16  21 条
   $  102 15:45→18:35 2h50 Nonstop  Ryanair          ⚠️
   $  110 18:25→21:15 2h50 Nonstop  Ryanair          ⚠️
   $  118 14:15→17:05 2h50 Nonstop  Ryanair          ✅
   $  125 07:00→09:55 2h55 Nonstop  easyJet          ✅
== P4-lis-sfo-1019 LIS→SFO 2026-10-19  9 条
   $  878 09:30→14:05 12h35 Nonstop  ?                ✅
== P5-rak-lis-1013 RAK→LIS 2026-10-13  9 条
   $   73 19:15→21:55 1h40 Nonstop  Ryanair          ⚠️
   $  104 15:00→17:35 1h35 Nonstop  easyJet          ⚠️
   $  180 16:10→18:50 1h40 Nonstop  ?                ⚠️
   $  385 10:45→13:25 1h40 Nonstop  ?                ✅
DONE
