== T-nce-rak-1009 NCE→RAK 2026-10-09  9 条
   $  447 21:45→22:50 3h05 Nonstop  easyJet         ⚠️
== T-rak-lis-1012 RAK→LIS 2026-10-12  7 条
   $   97 13:45→16:20 1h35 Nonstop  easyJet         ✅
   $  279 10:45→13:25 1h40 Nonstop  ?               ✅
   $  345 16:10→18:50 1h40 Nonstop  ?               ⚠️
== T-rak-lis-1013 RAK→LIS 2026-10-13  9 条
   $   79 15:00→17:35 1h35 Nonstop  easyJet         ⚠️
   $   97 19:15→21:55 1h40 Nonstop  Ryanair         ⚠️
   $  178 16:10→18:50 1h40 Nonstop  ?               ⚠️
   $  463 10:45→13:25 1h40 Nonstop  ?               ✅
== T-lis-lon-1015 LIS→LON 2026-10-15  23 条
   $   78 05:55→08:40 2h45 Nonstop  Ryanair         ✅
   $   91 06:40→09:20 2h40 Nonstop  easyJet         ✅
   $   95 20:55→23:40 2h45 Nonstop  Ryanair         ⚠️
   $   98 10:10→12:55 2h45 Nonstop  easyJet         ✅
== T-lis-lon-1016 LIS→LON 2026-10-16  26 条
   $  115 21:50→00:25 2h35 Nonstop  easyJet         ⚠️
   $  132 20:45→23:30 2h45 Nonstop  easyJet         ⚠️
   $  134 21:40→00:25 2h45 Nonstop  Ryanair         ⚠️
   $  139 06:20→09:05 2h45 Nonstop  easyJet         ✅
== T-lis-rak-1010 LIS→RAK 2026-10-10  5 条
   $   18 22:30→23:05 1h35 Nonstop  Ryanair         ⚠️
   $   43 19:20→19:55 1h35 Nonstop  easyJet         ⚠️
   $  202 14:05→14:45 1h40 Nonstop  ?               ✅
   $  487 09:15→09:55 1h40 Nonstop  ?               ✅
DONE
