== E-nce-bcn NCE→BCN 2026-10-10  9 条 · 直飞 2
   $  71 15:10→16:35 1h25 Nonstop  Vueling         ✅
   $  77 08:55→10:15 1h20 Nonstop  Vueling         ✅
== E-bcn-lon BCN→LON 2026-10-14  29 条 · 直飞 29
   $  18 13:25→14:50 2h25 Nonstop  Ryanair         ✅
   $  18 19:30→20:55 2h25 Nonstop  Ryanair         ⚠️
   $  22 09:35→11:00 2h25 Nonstop  Wizz            ✅
== E-nce-mad NCE→MAD 2026-10-10  11 条 · 直飞 3
   $ 230 18:55→20:55 2h00 Nonstop  Iberia          ⚠️
   $ 282 06:30→08:35 2h05 Nonstop  Iberia          ✅
   $ 302 12:45→14:45 2h00 Nonstop  Iberia          ✅
== E-mad-lon MAD→LON 2026-10-14  29 条 · 直飞 28
   $  62 06:30→07:55 2h25 Nonstop  Ryanair         ✅
   $  79 21:10→22:30 2h20 Nonstop  easyJet         ⚠️
   $  81 22:20→23:45 2h25 Nonstop  easyJet         ⚠️
== E-nce-agp NCE→AGP 2026-10-10  16 条 · 直飞 0
   $ 145 15:10→22:05 6h55 1 stop   Vueling         ⚠️
   $ 173 11:35→19:45 8h10 1 stop   British Airways ⚠️
   $ 182 08:55→17:00 8h05 1 stop   Vueling         ✅
   ⚠️ 无直飞
== E-agp-lon AGP→LON 2026-10-14  18 条 · 直飞 18
   $  19 00:10→01:55 2h45 Nonstop  easyJet         ⚠️
   $  19 23:45→01:30 2h45 Nonstop  easyJet         ⚠️
   $  26 10:50→12:40 2h50 Nonstop  Ryanair         ✅
== E-nce-svq NCE→SVQ 2026-10-10  14 条 · 直飞 0
   $ 229 08:55→14:45 5h50 1 stop   Vueling         ✅
   $ 234 06:00→00:25 18h25 1 stop   ?               ⚠️
   $ 247 15:10→22:15 7h05 1 stop   Vueling         ⚠️
   ⚠️ 无直飞
DONE
