== tromso: 25 offers（加载等了 9s）
   $ 227.45 1d | Compact                      | Automatic | 5座5门 | In terminal | Volkswagen ID.3  ⚠️不可免费取消
   $ 236.94 1d | Compact                      | Automatic | 4座5门 | Free shuttle service | Volkswagen ID3  ⚠️不可免费取消
   $ 237.34 1d | Compact                      | Automatic | 5座4门 | In terminal | Toyota Corolla  ⚠️不可免费取消
   $ 252.89 1d | Compact                      | Automatic | 5座4门 | In terminal | Toyota Corolla  ⚠️不可免费取消
   $ 226.19 1d | Compact Elite                | Automatic | 5座4门 | In terminal | Volkswagen ID.3  ⚠️不可免费取消
   $ 228.57 1d | Compact Elite                | Automatic | 5座4门 | In terminal | Volkswagen ID.3  ⚠️不可免费取消
   $ 253.58 1d | Compact SUV                  | Automatic | 5座5门 | In terminal | Suzuki Vitara  ⚠️不可免费取消
   $ 260.54 1d | Compact SUV                  | Automatic | 5座4门 | In terminal | Suzuki Vitara  ⚠️不可免费取消
   $ 285.80 1d | Compact SUV                  | Automatic | 5座4门 | In terminal | Toyota Yaris Cross 4WD  ⚠️不可免费取消
   $ 214.59 1d | Economy                      | Automatic | 5座4门 | Free shuttle service | Toyota Yaris  ⚠️不可免费取消
   $ 230.23 1d | Economy                      | Automatic | 5座5门 | In terminal | Toyota Yaris  ⚠️不可免费取消
   $ 230.38 1d | Economy                      | Manual    | 4座4门 | In terminal | Suzuki Swift  ⚠️不可免费取消
   $ 232.70 1d | Economy                      | Automatic | 5座4门 | In terminal | Toyota Yaris  ⚠️不可免费取消
   $ 264.43 1d | Full-size SUV                | Automatic | 5座4门 | In terminal | Ford Explorer 4WD  ⚠️不可免费取消
   $ 237.99 1d | Intermediate Elite Crossover | Automatic | 5座5门 | In terminal | Volkswagen ID.4  ⚠️不可免费取消
   $ 244.92 1d | Intermediate Elite Crossover | Automatic | 5座5门 | In terminal | Volkswagen ID.4  ⚠️不可免费取消
   $ 249.37 1d | Intermediate Elite Crossover | Automatic | 5座5门 | In terminal | Volkswagen ID.4  ⚠️不可免费取消
   $ 254.71 1d | Intermediate Elite Crossover | Automatic | 5座5门 | In terminal | Volkswagen ID.4  ⚠️不可免费取消
   $ 249.35 1d | Intermediate Elite SUV       | Automatic | 5座5门 | In terminal | Skoda Enyaq  ⚠️不可免费取消
   $ 257.63 1d | Intermediate Elite SUV       | Automatic | 5座5门 | In terminal | Skoda Enyaq  ⚠️不可免费取消
   $ 262.41 1d | Intermediate Elite SUV       | Automatic | 5座5门 | In terminal | Skoda Enyaq  ⚠️不可免费取消
   $ 268.51 1d | Intermediate Elite SUV       | Automatic | 5座5门 | In terminal | Skoda Enyaq  ⚠️不可免费取消
   $ 227.45 1d | Standard SUV                 | Automatic | 5座5门 | In terminal | Volkswagen ID.4  ⚠️不可免费取消
   $ 229.69 1d | Standard SUV                 | Automatic | 5座5门 | In terminal | Volkswagen ID.4  ⚠️不可免费取消
   $ 245.00 1d | Standard SUV                 | Automatic | 5座4门 | In terminal | Subaru Solterra 2WD  ⚠️不可免费取消
→ out_offers_tos.json
DONE
